[www.careerhunter.io/careers.html]
[backblue.gif]
[fade.gif]
[index.html]
[cdn2.careerhunter.io/assets/application-349b29af163d5822a096212e2dd202386f20dc4d2f59953f2fd3e210070ad75c.css]
[www.careerhunter.io/careers4658.html]
[www.careerhunter.io/index.html]
[www.careerhunter.io/tests/interests.html]
[www.careerhunter.io/tests/personality.html]
[www.careerhunter.io/tests/motivators.html]
[www.careerhunter.io/tests/abstract.html]
[www.careerhunter.io/tests/numerical.html]
[www.careerhunter.io/tests/verbal.html]
[www.careerhunter.io/tests.html]
[www.careerhunter.io/how.html]
[www.careerhunter.io/courses.html]
[www.careerhunter.io/jobs.html]
[www.careerhunter.io/upgrade.html]
[www.careerhunter.io/group.html]
[www.careerhunter.io/login.html]
[cdn2.careerhunter.io/assets/wave-burger-menu-23593eb4bcf4bb8ab18e4731e7d0f3fead2a1a02713cf16fb6a07bdde1f71e3f.png]
[www.careerhunter.io/about.html]
[www.careerhunter.io/affiliates.html]
[www.careerhunter.io/partners.html]
[www.careerhunter.io/contact.html]
[www.careerhunter.io/terms.html]
[www.careerhunter.io/privacy.html]
[cdn0.careerhunter.io/assets/application-353dcd5078ea9b9428db0a401e52fca71d68824b66555302b545456e24759fb7.js]
[cdn1.careerhunter.io/packs/vendors.3e9e666b1b937736f649.js]
[cdn3.careerhunter.io/packs/js/application_upgrade-2384eb8adcf4c66f36fd.chunk.js]
[www.careerhunter.io/careers.html]
[www.googletagmanager.com/gtm5445.html]
[cdn2.careerhunter.io/packs/js/application-c7138677c407a1b2b03e.js]
[cdn2.careerhunter.io/assets/Employers-d2ab9d9c6635fd3825014e1b7330ab0724ae7ecfa82e1e11d181551c81a75cab.jpg]
[cdn2.careerhunter.io/assets/Profit-Sharing-fb434eb065ce5c32e6c76aadb66d9f675ad9916a2dbd79b968244b7ce4a5c3b0.jpg]
[cdn1.careerhunter.io/assets/Educators-0c12ae5bb50a0dfa13b5cf73aac76660b63380be2b010a44e1796f981d59188f.jpg]
[cdn2.careerhunter.io/assets/White-Label-3c785b99b07a81dd6d260d280c7ff388a40b6bb6887e972a86cbd8360dda99d9.jpg]
[cdn2.careerhunter.io/assets/application-349b29af163d5822a096212e2dd202386f20dc4d2f59953f2fd3e210070ad75c.css]
[www.careerhunter.io/careers4658.html]
[www.careerhunter.io/careers9ba9.html]
[www.careerhunter.io/images/home/wave-top-banner.png]
[www.careerhunter.io/images/home/personality.png]
[www.careerhunter.io/images/home/personality_mobile.png]
[www.careerhunter.io/images/home/interests.png]
[www.careerhunter.io/images/home/abstract.png]
[www.careerhunter.io/images/home/benefits-desktop-home.png]
[www.careerhunter.io/images/home/benefits-mobile-2.png]
[www.careerhunter.io/images/how_works/wave.png]
[www.careerhunter.io/images/home/wave-top.png]
[www.careerhunter.io/images/home/working_pros.png]
[www.careerhunter.io/images/home/working_pros_mobile.png]
[www.careerhunter.io/images/home/school_leavers.png]
[www.careerhunter.io/images/home/school_leavers_mobile.png]
[www.careerhunter.io/images/home/career_changers.png]
[www.careerhunter.io/images/home/career_changers_mobile.png]
[www.careerhunter.io/images/home/university_college_students.png]
[www.careerhunter.io/images/home/university_college_students_mobile.png]
[www.careerhunter.io/images/home/study-choises.png]
[www.careerhunter.io/images/home/study-choises_mobile.png]
[cdn0.careerhunter.io/assets/upgrade/wave-top-48ad3a7b57599dd38621ac0130144bcfd25f03dabb8b48f37038558c9a91557f.png]
[cdn0.careerhunter.io/assets/upgrade/wave-mobile-af782e02c4fdfe8eaa913678aa3624bca76c12dce587114b865525d93cb52433.png]
[www.careerhunter.io/images/CareerHunter-square-logo.jpg]
[www.careerhunter.io/index.html]
[www.careerhunter.io/checkout/interests.html]
[www.careerhunter.io/sample_reports/Career Interests Sample Report - CareerHunter.pdf]
[cdn1.careerhunter.io/assets/tests/white-waves-a880fb5e5c0380be3be096c2fdd9c23a62270ed71d76369abbc4ba06797447b8.png]
[www.careerhunter.io/tests/interests/take.html]
[cdn3.careerhunter.io/assets/tests/dark-waves-d6400ae0f277dc4950c3f51d672ab75287f42215e88e1726f5531b8bcf9f0ada.png]
[www.careerhunter.io/checkout.html]
[www.careerhunter.io/student-discount.html]
[cdn3.careerhunter.io/assets/main_tests-bd884139ec646feab4ac86d2f494e405033a3d476b5b9ac820fc8fbc6576c466.css]
[cdn2.careerhunter.io/packs/js/affiliates_career_tests_educators-c09b6bb3535aad356efa.chunk.js]
[www.careerhunter.io/tests/interests.html]
[cdn3.careerhunter.io/packs/js/career_tests-70630dbdac9e86709e45.js]
[www.careerhunter.io/checkout/personality.html]
[www.careerhunter.io/sample_reports/Work Personality Sample Report - CareerHunter.pdf]
[www.careerhunter.io/tests/personality.html]
[www.careerhunter.io/checkout/motivators.html]
[www.careerhunter.io/sample_reports/Career Motivators Sample Report - CareerHunter.pdf]
[www.careerhunter.io/tests/motivators.html]
[www.careerhunter.io/tests/motivators/take.html]
[www.careerhunter.io/checkout/abstract.html]
[www.careerhunter.io/sample_reports/Abstract Reasoning Sample Report - CareerHunter.pdf]
[www.careerhunter.io/tests/abstract.html]
[cdn2.careerhunter.io/assets/aptitude_sample-7870febf991a4a308258cff40a51e28dd5193e3036998d32e19e6082853893e8.js]
[www.careerhunter.io/checkout/numerical.html]
[www.careerhunter.io/sample_reports/Numerical Reasoning Sample Report - CareerHunter.pdf]
[www.careerhunter.io/images/numerical_reasoning/pieChart.svg]
[www.careerhunter.io/tests/numerical.html]
[www.careerhunter.io/checkout/verbal.html]
[www.careerhunter.io/sample_reports/Verbal Reasoning Sample Report - CareerHunter.pdf]
[www.careerhunter.io/tests/verbal.html]
[cdn3.careerhunter.io/assets/tests/about-interests-50127efa743e66154cbe0823f55ea8f6e89bc208d1692fb4747b4b819b6f8966.jpg]
[cdn2.careerhunter.io/assets/tests/about-personality-3aa3d069a6134adc56a33d386c92ca79766273caf140d24d0fbfb5efa737cc5b.jpg]
[cdn0.careerhunter.io/assets/tests/about-motivators-64d8fd6f3592a0bc3b4ce880bf885c9cf1249cff2c6f4b95931e5f520b3a1f14.jpg]
[cdn2.careerhunter.io/assets/tests/about-abstract-7b03cad5ea26570e2859239e5f46d9eac5c11435fcaee35e223bf31037872df0.jpg]
[cdn3.careerhunter.io/assets/tests/about-numerical-d2c8aa4d9c31900b8b48a6c9f3e1d989e47ec5dccb6a702bbd0e88530a98a8f1.jpg]
[cdn1.careerhunter.io/assets/tests/about-verbal-9acc097ec7ee9dde39ef87b3ec094d1e247346e5dbaea09e02085784909946df.jpg]
[www.careerhunter.io/tests.html]
[www.careerhunter.io/images/how_works/1.png]
[www.careerhunter.io/images/how_works/2.png]
[www.careerhunter.io/images/how_works/3.png]
[www.careerhunter.io/images/how_works/4.png]
[www.careerhunter.io/images/how_works/5.png]
[www.careerhunter.io/how.html]
[www.careerhunter.io/GET]
[www.careerhunter.io/courses.html]
[cdn2.careerhunter.io/assets/jobs-35a20e143b8b170d8fc270c74c9d584a4df30675e52af3d28a694d5932d1d14d.css]
[www.careerhunter.io/jobs/search66b4.html]
[www.careerhunter.io/jobs/search9e25.html]
[www.careerhunter.io/jobs/searchedbf.html]
[www.careerhunter.io/jobs/searchcb0c.html]
[www.careerhunter.io/jobs/searchdd3f.html]
[www.careerhunter.io/jobs/search2827.html]
[www.careerhunter.io/jobs.html]
[www.careerhunter.io/jobs/search4187.html]
[cdn1.careerhunter.io/assets/upgrade-273dfa3d7af683de7b8d3a7a3797656f89879a2f916903cad2d90e1ef9c55ed6.css]
[cdn2.careerhunter.io/assets/upgrade/benefits-desktop-37aacfccaac3b64f126e68ba81e87003d992c0d68f900789be3022494c130569.png]
[cdn0.careerhunter.io/assets/upgrade/benefits-tablet-c1a4c376218df019ad196f9623dd90002c8a1f618bd6f242ac2deb2cebe5fa2f.png]
[cdn1.careerhunter.io/assets/upgrade/benefits-mobile-b2d1b76c7694a07f2b844c0eb9b738dfb2739f5abd9132584b1e17b316c67356.png]
[cdn0.careerhunter.io/assets/upgrade/benefits-desktop-2-ef302ca26bc64de38feb0323f041fd1a4870326940f3a0e15f1bb782ee9cf312.png]
[cdn3.careerhunter.io/assets/upgrade/benefits-tablet-2-bc706e87d3113ed85b18ccb3d94ed42994ca2f805d1707d6ea2958264ba0b817.png]
[cdn1.careerhunter.io/assets/upgrade/benefits-mobile-2-235fe4465816f7794d5163b949ba3a857dd9cbccd9c68370a6e4b8b203b40a73.png]
[cdn0.careerhunter.io/assets/upgrade/benefits-desktop-3-fffce3f5af8bcf91c4951ca5cd03e139eabcbbea9aca11efd168474813e02819.png]
[cdn1.careerhunter.io/assets/upgrade/benefits-mobile-3-d6dcdda8212ad8f8965441bc720132f0840cdcdd91e628a344aa2cb9c46e9030.png]
[cdn1.careerhunter.io/assets/upgrade/school-leavers-1e2ebc4b6ae9b030199fd306fbf023000051b7adb1b69270b840868f92cf984d.png]
[cdn0.careerhunter.io/assets/upgrade/students-graduates-b9598ed4c27d88631fd2d6e96d045cfbff000df468634221b7743961a8695505.png]
[cdn0.careerhunter.io/assets/upgrade/professionals-42629b278269b1d27861128a8057dc5855cd8f5d9a4f21eecea34a5b495171f2.png]
[cdn3.careerhunter.io/assets/upgrade/career-changers-f19b23bd1a0f6cbc540ab157dfd69ffbaaf0cbb76c95d3631f716c91f56774f2.png]
[cdn2.careerhunter.io/assets/upgrade/unemployed-f99488775f7281630d842131e95439b21254dd3f4179d011bae84f6c079fc24f.png]
[www.careerhunter.io/upgrade.html]
[www.careerhunter.io/group/login.html]
[www.careerhunter.io/group/faq.html]
[cdn0.careerhunter.io/assets/Educator-c8641946261fd652973dbc8ed19f6a44ac861c117645ef47578411d5d889e24d.png]
[cdn0.careerhunter.io/assets/HR_department-80858b8d234fb2e4ea44030fc488d2a67f6ea2f914d749ad99e68356956a3c1d.png]
[cdn1.careerhunter.io/assets/Recruitment_Agencies-e7f984aeafe739f7cd5d3641d78aedf7e00c0ff0e8887096591143e7f7eaa763.png]
[cdn2.careerhunter.io/assets/educators-ec235854e587631ee76a8d4fa70e9145d7abfc57612d8994705eda0604e7888a.css]
[www.careerhunter.io/group.html]
[cdn2.careerhunter.io/packs/js/educators-39d108efe7c0aff8e04c.js]
[www.careerhunter.io/login.html]
[www.careerhunter.io/register.html]
[www.careerhunter.io/images/about/quote.png]
[www.careerhunter.io/images/about/journey-desktop.png]
[www.careerhunter.io/images/about/journey-tablet.png]
[www.careerhunter.io/images/about/journey-mobile.png]
[www.careerhunter.io/images/about/unrivaled-testing-desktop.png]
[www.careerhunter.io/images/about/unrivaled-testing-tablet.png]
[www.careerhunter.io/images/about/unrivaled-testing-mobile.png]
[www.careerhunter.io/uploads/images/689/chris-t.png]
[www.careerhunter.io/uploads/images/692/chris-l.png]
[www.careerhunter.io/uploads/images/690/joanna.png]
[www.careerhunter.io/uploads/images/683/anna.png]
[www.careerhunter.io/uploads/images/685/katerina.png]
[www.careerhunter.io/uploads/images/688/george.png]
[www.careerhunter.io/about.html]
[www.careerhunter.io/affiliates/login.html]
[www.careerhunter.io/affiliates/faq.html]
[www.careerhunter.io/images/Aff-How-1.png]
[www.careerhunter.io/images/Aff-How-2.png]
[www.careerhunter.io/images/Aff-How-3.png]
[cdn0.careerhunter.io/assets/affiliates-09598122fa76b2fd269fdf7b133f00ffd966b9d64ac7eb47a63f34d9b4fd4ed7.css]
[www.careerhunter.io/affiliates.html]
[www.careerhunter.io/partners.html]
[cdn2.careerhunter.io/packs/js/affiliates-699e7c573c4f4264047b.js]
[www.careerhunter.io/faq.html]
[www.careerhunter.io/cdn-cgi/l/email-protection.html]
[www.careerhunter.io/contact.html]
[www.careerhunter.io/terms.html]
[www.careerhunter.io/privacy.html]
[www.careerhunter.io/cdn-cgi/scripts/5c5dd728/cloudflare-static/email-decode.min.js]
[cdn3.careerhunter.io/assets/application_bottom-93d8a0a27799f58aa78e27c62f1927bfc111998fe47b308085b383a581c507ba.css]
[www.careerhunter.io/careers9ba9.html]
[www.careerhunter.io/checkout/interests.html]
[www.careerhunter.io/careersfdb0.html]
[www.careerhunter.io/tests/interests/take.html]
[www.careerhunter.io/checkout.html]
[cdn2.careerhunter.io/assets/slideout-c2397a7c2a27232811520b039b75eb93b02acdf0526963c27e806c55c46168ec.css]
[cdn1.careerhunter.io/assets/student_discount/student-discount-right-292490637876e39cc256b37a75f48b984cc83bf5cf6b61cb04eeec52ed17b232.png]
[cdn3.careerhunter.io/assets/student_discount/career_choices-1b8f92ec416bcc8b33c177a7eba152a50ef7da6e12b21f02aef65fcd6f31eb16.png]
[cdn2.careerhunter.io/assets/student_discount/career_choices_tablet-3a588f3aa5ce803ca2dfe1d2b8a4d72270149e40d22236bd4e77639408cd7b04.png]
[cdn0.careerhunter.io/assets/student_discount/career_choices_mobile-71db9486847a3251891325a8850570b54a0b2cc4f67ead545d56024d84ff7beb.png]
[cdn3.careerhunter.io/assets/student_discount/core-1081dfc55fc67992c9af9ff37add483ee14698bb31d619735c1ebb4def1b97cb.png]
[cdn3.careerhunter.io/assets/student_discount/core_tablet-aec4fe30d0417619266da45d14ccef684699d494a2575da75848c1151b33021c.png]
[cdn0.careerhunter.io/assets/student_discount/core_mobile-9b4b6760bc7398808064911952836b0c2728189b01e880907122a7f1685c0339.png]
[cdn2.careerhunter.io/assets/student_discount/reporting-0131cdce8f0c8d93199221d1d112004df2f8327621ce6cbf24f2eb92791db9aa.png]
[cdn2.careerhunter.io/assets/student_discount/reporting_tablet-bef004c23c03eec87f6bdbfdc7ae2073c742524f3378d27902171365d1787590.png]
[cdn1.careerhunter.io/assets/student_discount/reporting_mobile-e64f4451ac2d49fc1f9c5a8454b1bde8dac459f2ebdaccd0f89ef46afb05a34c.png]
[www.careerhunter.io/student-discount.html]
[cdn3.careerhunter.io/assets/upgrade/card1-e8d9fc6597cc3bf5c2dd391767d24c6f5a3c6e0b724c0401f9882d7eb5d75f36.png]
[cdn3.careerhunter.io/assets/main_tests-bd884139ec646feab4ac86d2f494e405033a3d476b5b9ac820fc8fbc6576c466.css]
[www.careerhunter.io/checkout/personality.html]
[www.careerhunter.io/checkout/motivators.html]
[www.careerhunter.io/tests/motivators/take.html]
[www.careerhunter.io/checkout/abstract.html]
[www.careerhunter.io/uploads/images/554/0-1-Question-A.svg]
[www.careerhunter.io/uploads/images/445/Question-Mark.svg]
[www.careerhunter.io/uploads/images/549/0-1-Question-C.svg]
[www.careerhunter.io/uploads/images/553/0-1-Question-D.svg]
[www.careerhunter.io/uploads/images/550/0-1-Question-E.svg]
[www.careerhunter.io/uploads/images/552/answer.svg]
[www.careerhunter.io/uploads/images/547/answer1.svg]
[www.careerhunter.io/uploads/images/546/answer2.svg]
[www.careerhunter.io/uploads/images/548/answer3.svg]
[www.careerhunter.io/uploads/images/551/answer4.svg]
[www.careerhunter.io/checkout/numerical.html]
[www.careerhunter.io/images/numerical_reasoning/pieChart.svg]
[www.careerhunter.io/checkout/verbal.html]
[www.careerhunter.io/GET.html]
[cdn2.careerhunter.io/assets/jobs-35a20e143b8b170d8fc270c74c9d584a4df30675e52af3d28a694d5932d1d14d.css]
[www.careerhunter.io/jobs/search66b4.html]
[www.careerhunter.io/jobs/search9e25.html]
[www.careerhunter.io/jobs/searchedbf.html]
[www.careerhunter.io/jobs/searchcb0c.html]
[www.careerhunter.io/jobs/searchdd3f.html]
[www.careerhunter.io/jobs/search2827.html]
[www.careerhunter.io/jobs/search4187.html]
[www.careerhunter.io/jobs/search.html]
[www.careerhunter.io/tests/personality/take]
[cdn3.careerhunter.io/assets/upgrade/upgrade_man-ac3b2593afee463046d693a481c2f1facdeeac3c52c74b013eba24dea8698961.png]
[cdn1.careerhunter.io/assets/upgrade/upgrade_man_mob-bfa9ed8d55628f2c7f4c5cb26a4f0f8fa549096357cfc6955134c554bdfe2853.png]
[cdn1.careerhunter.io/assets/upgrade-273dfa3d7af683de7b8d3a7a3797656f89879a2f916903cad2d90e1ef9c55ed6.css]
[www.careerhunter.io/group/login.html]
[www.careerhunter.io/group/faq.html]
[cdn0.careerhunter.io/assets/upgrade/Coupon-Desktop-3ca6bb991596d24c5d621b8111af895cc8352e1de673af2751531fd9f2c6f073.png]
[cdn2.careerhunter.io/assets/educators-ec235854e587631ee76a8d4fa70e9145d7abfc57612d8994705eda0604e7888a.css]
[www.careerhunter.io/register.html]
[www.careerhunter.io/affiliates/login.html]
[cdn0.careerhunter.io/assets/upgrade/workers-524464c73c4a8513126f763e4d92a827e706e932b70cc76eed53f614a8659372.png]
[cdn3.careerhunter.io/packs/js/upgrade-5890f882c59bbff8af4c.js]
[www.careerhunter.io/affiliates/faq.html]
[www.careerhunter.io/affiliates/rules.html]
[cdn0.careerhunter.io/assets/upgrade/card_1m-051a87f34f8590a2a540f1abf2dd392c8804ba6adad1932ca0d153e72d4fecae.png]
[cdn0.careerhunter.io/assets/upgrade/card2-5d55ea3372498f9033f1a62300b9588293df8b6ba5e2f848fb7311eb5906175d.png]
[cdn1.careerhunter.io/assets/upgrade/card_2m-dc67c7051221422ea04d49fa1b9e31198dda841e538d785102a8a643b1cbb6a9.png]
[cdn2.careerhunter.io/assets/upgrade/card3-d98f2cd411066aa2336ecbb24e1545042766e70f83c6fc7ef098f55ee40407ae.png]
[cdn1.careerhunter.io/assets/upgrade/card_3m-d201491fc5e7073a11c4834af3927dd41cc625f9afc037ff966e8652c16bb54b.png]
[cdn2.careerhunter.io/assets/upgrade/business-and-management-1e5e0d1d9d4db9d0c7b9174e41fd37895056260706a9bdb16063ed15eb6ffe2e.jpg]
[cdn3.careerhunter.io/assets/upgrade/Engineering-56d69ad02b52731a67dbe4d780789893b863eac43f6736f25f8eab6432c8e448.jpg]
[cdn3.careerhunter.io/assets/upgrade/Creative-Arts-bb68e305261d24ec3fe3cb2dfcc74023a2a93b6b9398b987ab0a50508be8f0f4.jpg]
[cdn1.careerhunter.io/assets/about-863b591d31602b953f019237f8708c6428eb4d7878dab713e2019bf815df61dc.jpg]
[cdn0.careerhunter.io/assets/affiliates-09598122fa76b2fd269fdf7b133f00ffd966b9d64ac7eb47a63f34d9b4fd4ed7.css]
[www.careerhunter.io/faq.html]
[www.careerhunter.io/cdn-cgi/l/email-protection.html]
[cdn3.careerhunter.io/assets/application_bottom-93d8a0a27799f58aa78e27c62f1927bfc111998fe47b308085b383a581c507ba.css]
[www.careerhunter.io/get-access.html]
[www.careerhunter.io/careersfdb0.html]
[www.careerhunter.io/careersaf4d.html]
[cdn0.careerhunter.io/assets/close-symbol-71c54c6eb1248796828d48d56521ba3e71673cfd0209466a0d491cfce9d98056.png]
[cdn2.careerhunter.io/assets/slideout-c2397a7c2a27232811520b039b75eb93b02acdf0526963c27e806c55c46168ec.css]
[www.careerhunter.io/tests/personality/take]
[www.careerhunter.io/jobs/search.html]
[www.careerhunter.io/affiliates/rules.html]
[cdn1.careerhunter.io/assets/upgrade/dark-waves-d6400ae0f277dc4950c3f51d672ab75287f42215e88e1726f5531b8bcf9f0ada.png]
[cdn2.careerhunter.io/assets/get_access/dark-wave-tablet-9d1b1ec7b4111a5d6d1fec517b55e7233f7d14404024d5f6af58cac6e8773da9.png]
[cdn1.careerhunter.io/assets/get_access/white-waves-a880fb5e5c0380be3be096c2fdd9c23a62270ed71d76369abbc4ba06797447b8.png]
[cdn0.careerhunter.io/assets/get_access/white-wave-tablet-1079eb80ad80d1cbaf5a7f75263cc74a3400d99c638790aa52dd1198ce032f50.png]
[www.careerhunter.io/get-access.html]
[www.careerhunter.io/careersaf4d.html]
[www.careerhunter.io/careersc575.html]
[www.careerhunter.io/careersc575.html]
[www.careerhunter.io/careers235c.html]
[www.careerhunter.io/careers235c.html]
[www.careerhunter.io/careersfdfa.html]
[www.careerhunter.io/careersfdfa.html]
